// Jest Snapshot v1, https://goo.gl/fbAQLP

exports[`Input render testing Test Input output (Snapshot) 1`] = `""`;
